---
source: crates/libsvg/src/impls.rs
expression: cmap_table
---

