---
source: crates/libmarkdown/src/impls.rs
expression: result.frontmatter.unwrap()
---
title: Test Post
date: 2023-01-01
draft: true
extra:
    author: test
