---
source: crates/libmarkdown/src/impls.rs
expression: result.toc
---
[]
