---
source: crates/mod-markdown/src/impls.rs
expression: result.toc
snapshot_kind: text
---
[
    TocEntry {
        level: 1,
        text: "Code Example",
        slug: "code-example",
    },
    TocEntry {
        level: 2,
        text: "After Code Block",
        slug: "after-code-block",
    },
]
