---
source: mods/markdown/src/lib.rs
expression: result.frontmatter.unwrap()
---
title: Test Post
