---
source: crates/mod-markdown/src/impls.rs
expression: html
snapshot_kind: text
---
<p data-bo="0">Before:</p>

<p data-bo="19">I am not sure about that</p>

<p data-bo="1">After (also, with args {“__page_input_path”: String(“&#x2F;content&#x2F;dummy.md”)})</p>
