---
source: mods/markdown/src/lib.rs
expression: result.toc
---
[]
