---
source: crates/mod-markdown/src/impls.rs
expression: result.toc
snapshot_kind: text
---
[]
